<html>
<body>
<pre>
<h1>µVision Build Log</h1>
<h2>Project:</h2>
G:\Embedded TA\Systick\SoftSound.uvproj
Project File Date:  02/12/2016

<h2>Output:</h2>
Build target 'SysTimer'
compiling main.c...
linking...
Program Size: Code=1076 RO-data=16 RW-data=0 ZI-data=1120  
".\SoftSound.axf" - 0 Error(s), 0 Warning(s).
Load "G:\\Embedded TA\\Systick\\SoftSound.axf" 
Connecting: Mode=JTAG, Speed=1000000Hz
Connection failed!, error code=&d
Error: Flash Download failed  -  Target DLL has been cancelled
Load "G:\\Embedded TA\\Systick\\SoftSound.axf" 
Connecting: Mode=JTAG, Speed=1000000Hz
Erase Done.
Programming Done.
Verify OK.
Load "G:\\Embedded TA\\Systick\\SoftSound.axf" 
Connecting: Mode=JTAG, Speed=1000000Hz
Erase Done.
Programming Done.
Verify OK.
</pre>
</body>
</html>
